abcdef001ghilm
abcdef002ghilm
abcdef003ghilm
abcdef004ghilm
abcdef005ghilm
abcdef006ghilm
abcdef007ghilm
abcdef008ghilm
abcdef009ghilm
abcdef010ghilm