##skipFirstNumber
abcdef0ghilm
abcdef0.2ghilm
abcdef0.4ghilm
abcdef0.6ghilm
abcdef0.8ghilm
abcdef1ghilm
abcdef1.2ghilm
abcdef1.4ghilm
abcdef1.6ghilm
abcdef1.8ghilm